// Jest Snapshot v1, https://goo.gl/fbAQLP

exports[`Render Product Component SnapShot Match 1`] = `
<div
  className="col-12 col-sm-6 col-lg-4"
>
  <div
    className="single-product-wrapper"
  >
    <div
      className="product-img"
    >
      <img
        alt=""
        src="../../../../src/utlis/img/product-img/product-undefined.jpg"
      />
      <img
        alt=""
        className="hover-img"
        src="../../../../src/utlis/img/product-img/product-undefined.jpg"
      />
      <div
        className="product-badge offer-badge"
      >
        <span>
          -30%
        </span>
      </div>
      <div
        className="product-favourite"
      >
        <a
          className="favme fa fa-heart"
          href="#"
        />
      </div>
    </div>
    <div
      className="product-description"
    >
      <span>
        Topshop
      </span>
      <a
        href="single-product-details.html"
      >
        <h6 />
      </a>
      <p
        className="product-price"
      >
        <span
          className="old-price"
        >
          $125
        </span>
         $95.65
      </p>
      <div
        className="hover-content"
      >
        <div
          className="add-to-cart-btn"
        >
          <a
            className="btn essence-btn"
            href="#"
          >
            Add to Cart
          </a>
        </div>
      </div>
    </div>
  </div>
</div>
`;
