// Jest Snapshot v1, https://goo.gl/fbAQLP

exports[`Brand testing SnapShot Match for Brand component 1`] = `
<div
  className="widget color mb-50"
>
  <p
    className="widget-title2 mb-30"
  >
    Color
  </p>
  <div
    className="widget-desc"
  >
    <ul
      className="d-flex"
    >
      <li>
        <a
          className="color1"
          href="#"
        />
      </li>
      <li>
        <a
          className="color2"
          href="#"
        />
      </li>
      <li>
        <a
          className="color3"
          href="#"
        />
      </li>
      <li>
        <a
          className="color4"
          href="#"
        />
      </li>
      <li>
        <a
          className="color5"
          href="#"
        />
      </li>
      <li>
        <a
          className="color6"
          href="#"
        />
      </li>
      <li>
        <a
          className="color7"
          href="#"
        />
      </li>
      <li>
        <a
          className="color8"
          href="#"
        />
      </li>
      <li>
        <a
          className="color9"
          href="#"
        />
      </li>
      <li>
        <a
          className="color10"
          href="#"
        />
      </li>
    </ul>
  </div>
</div>
`;
