// Jest Snapshot v1, https://goo.gl/fbAQLP

exports[`TopCatagoryArea page testing SnapShot Match 1`] = `
<div
  className="col-12 col-sm-6 col-md-4"
>
  <div
    className="single_catagory_area d-flex align-items-center justify-content-center bg-img"
  >
    <div
      className="catagory-content"
    >
      <a
        href="#"
      >
        topCatagoryAreaText
      </a>
    </div>
  </div>
</div>
`;
