// Jest Snapshot v1, https://goo.gl/fbAQLP

exports[`Catagory testing SnapShot Match for Catagory component 1`] = `
<li
  data-target="#clothing"
  data-toggle="collapse"
>
  <a
    href="#"
  >
    clothing
  </a>
  <ul
    className="sub-menu collapse hide"
    id="clothing"
  >
    <li>
      <a
        href="#"
      >
        All
      </a>
    </li>
    <li>
      <a
        href="#"
      >
        Bodysuits
      </a>
    </li>
    <li>
      <a
        href="#"
      >
        Dresses
      </a>
    </li>
    <li>
      <a
        href="#"
      >
        Hoodies Sweats
      </a>
    </li>
    <li>
      <a
        href="#"
      >
        Jackets Coats
      </a>
    </li>
    <li>
      <a
        href="#"
      >
        Jeans
      </a>
    </li>
    <li>
      <a
        href="#"
      >
        Pants Leggings
      </a>
    </li>
    <li>
      <a
        href="#"
      >
        Rompers Jumpsuits
      </a>
    </li>
    <li>
      <a
        href="#"
      >
        Shirts Blouses
      </a>
    </li>
    <li>
      <a
        href="#"
      >
        Shirts
      </a>
    </li>
    <li>
      <a
        href="#"
      >
        Sweaters &amp; Knits
      </a>
    </li>
  </ul>
</li>
`;
