// Jest Snapshot v1, https://goo.gl/fbAQLP

exports[`renders component with images SnapShot Match for Product Details screen 1`] = `
<section
  className="single_product_details_area d-flex align-items-center"
>
  <div
    className="single_product_thumb clearfix"
  >
    <div
      className="owl-carousel owl-carousel"
    >
      <div>
        <img
          alt=""
          src="src/utlis/img/product-img/product-big-1.jpg"
        />
      </div>
      <div>
        <img
          alt=""
          src="src/utlis/img/product-img/product-big-2.jpg"
        />
      </div>
      <div>
        <img
          alt=""
          src="src/utlis/img/product-img/product-big-3.jpg"
        />
      </div>
    </div>
  </div>
  <div
    className="single_product_desc clearfix"
  >
    <span>
      mango
    </span>
    <a
      href="cart.html"
    >
      <h2>
        One Shoulder Glitter Midi Dress
      </h2>
    </a>
    <p
      className="product-price"
    >
      <span
        className="old-price"
      >
        $65.00
      </span>
       $49.00
    </p>
    <p
      className="product-desc"
    >
      Mauris viverra cursus ante laoreet eleifend. Donec vel fringilla ante. Aenean finibus velit id urna vehicula, nec maximus est sollicitudin.
    </p>
    <form
      className="cart-form clearfix"
      method="post"
    >
      <div
        className="select-box d-flex mt-50 mb-30"
      >
        <select
          className="nice-select mr-5"
          id="productSize"
        >
          <option>
            Size: XL
          </option>
          <option>
            Size: X
          </option>
          <option>
            Size: M
          </option>
          <option>
            Size: S
          </option>
        </select>
        <select
          className="nice-select mr-5"
          id="productColor"
        >
          <option>
            Color: Black
          </option>
          <option>
            Color: White
          </option>
          <option>
            Color: Red
          </option>
          <option>
            Color: Purple
          </option>
        </select>
      </div>
      <div
        className="cart-fav-box d-flex align-items-center"
      >
        <button
          className="btn essence-btn"
        >
          Add to Cart
        </button>
        <div
          className="product-favourite ml-4"
          onClick={[Function]}
        >
          <a
            className="favme fa fa-heart"
            id="favme"
          />
        </div>
      </div>
    </form>
  </div>
</section>
`;
