// Jest Snapshot v1, https://goo.gl/fbAQLP

exports[`BrandArea page testing SnapShot Match 1`] = `
<div>
  <div
    className="brands-area d-flex align-items-center justify-content-between"
  >
    <div
      className="single-brands-logo"
    >
      <img
        alt="topshop"
        src="brand1.png"
      />
    </div>
    <div
      className="single-brands-logo"
    >
      <img
        alt="mango"
        src="brand2.png"
      />
    </div>
    <div
      className="single-brands-logo"
    >
      <img
        alt="zara"
        src="brand3.png"
      />
    </div>
    <div
      className="single-brands-logo"
    >
      <img
        alt="bershka"
        src="brand4.png"
      />
    </div>
    <div
      className="single-brands-logo"
    >
      <img
        alt="asos"
        src="brand5.png"
      />
    </div>
    <div
      className="single-brands-logo"
    >
      <img
        alt="river island"
        src="brand6.png"
      />
    </div>
  </div>
</div>
`;
